******************************************************************************
       MSP430 Evaluation Linker PC v3.2.2                      
******************************************************************************
>> Linked Sat Feb 12 15:51:22 2011

OUTPUT FILE NAME:   <LedBlinkTest.out>
ENTRY POINT SYMBOL: "_c_int00"  address: 0000fb58


MEMORY CONFIGURATION

         name            origin    length      used     unused   attr    fill
----------------------  --------  ---------  --------  --------  ----  --------
  SFR                   00000000   00000010  00000000  00000010  RWIX
  PERIPHERALS_8BIT      00000010   000000f0  00000000  000000f0  RWIX
  PERIPHERALS_16BIT     00000100   00000100  00000000  00000100  RWIX
  RAM                   00000200   00000080  00000066  0000001a  RWIX
  INFOD                 00001000   00000040  00000000  00000040  RWIX
  INFOC                 00001040   00000040  00000000  00000040  RWIX
  INFOB                 00001080   00000040  00000000  00000040  RWIX
  INFOA                 000010c0   00000040  00000000  00000040  RWIX
  FLASH                 0000f800   000007e0  00000539  000002a7  RWIX
  INT00                 0000ffe0   00000002  00000000  00000002  RWIX
  INT01                 0000ffe2   00000002  00000000  00000002  RWIX
  INT02                 0000ffe4   00000002  00000000  00000002  RWIX
  INT03                 0000ffe6   00000002  00000000  00000002  RWIX
  INT04                 0000ffe8   00000002  00000000  00000002  RWIX
  INT05                 0000ffea   00000002  00000000  00000002  RWIX
  INT06                 0000ffec   00000002  00000000  00000002  RWIX
  INT07                 0000ffee   00000002  00000000  00000002  RWIX
  INT08                 0000fff0   00000002  00000000  00000002  RWIX
  INT09                 0000fff2   00000002  00000002  00000000  RWIX
  INT10                 0000fff4   00000002  00000000  00000002  RWIX
  INT11                 0000fff6   00000002  00000000  00000002  RWIX
  INT12                 0000fff8   00000002  00000000  00000002  RWIX
  INT13                 0000fffa   00000002  00000000  00000002  RWIX
  INT14                 0000fffc   00000002  00000000  00000002  RWIX
  RESET                 0000fffe   00000002  00000002  00000000  RWIX


SECTION ALLOCATION MAP

 output                                  attributes/
section   page    origin      length       input sections
--------  ----  ----------  ----------   ----------------
.pinit     0    0000f800    00000000     UNINITIALIZED

.bss       0    00000200    00000034     UNINITIALIZED
                  00000200    00000024     LedPattern.obj (.bss)
                  00000224    00000008     buttons.obj (.bss)
                  0000022c    00000004     rts430.lib : _lock.obj (.bss)
                  00000230    00000004                : boot.obj (.bss)

.stack     0    0000024c    00000032     UNINITIALIZED
                  0000024c    00000002     rts430.lib : boot.obj (.stack)
                  0000024e    00000030     --HOLE--

.text      0    0000f800    00000432     
                  0000f800    000000dc     LedDriver.obj (.text:sendByteSerial)
                  0000f8dc    0000007c     buttons.obj (.text:processButton)
                  0000f958    0000006c     LedPattern.obj (.text:updateLedSeq)
                  0000f9c4    0000005a     main.obj (.text:Timer_A)
                  0000fa1e    00000056     LedPattern.obj (.text:displayLedSeq)
                  0000fa74    00000046     rts430.lib : autoinit.obj (.text:_auto_init)
                  0000faba    00000036     main.obj (.text:setupHardware)
                  0000faf0    00000034     LedPattern.obj (.text:incrimentSeq)
                  0000fb24    00000034     buttons.obj (.text:updateButtons)
                  0000fb58    00000026     rts430.lib : boot.obj (.text:_c_int00_noexit)
                  0000fb7e    0000001e     buttons.obj (.text:readButton)
                  0000fb9c    0000001c     main.obj (.text:main)
                  0000fbb8    00000016     LedPattern.obj (.text:countUp)
                  0000fbce    00000014     LedPattern.obj (.text:nextSpeed)
                  0000fbe2    00000012     rts430.lib : memcpy.obj (.text:memcpy)
                  0000fbf4    00000010     LedPattern.obj (.text:isAllLedOff)
                  0000fc04    00000010     rts430.lib : epilog.obj (.text)
                  0000fc14    0000000a     buttons.obj (.text:getButtonOne)
                  0000fc1e    0000000a     buttons.obj (.text:getButtonTwo)
                  0000fc28    00000004     rts430.lib : pre_init.obj (.text:_system_pre_init)
                  0000fc2c    00000004                : exit.obj (.text:abort)
                  0000fc30    00000002                : _lock.obj (.text:_nop)

.const     0    0000fc32    000000ab     
                  0000fc32    00000060     LedPattern.obj (.const)
                  0000fc92    00000018     LedPattern.obj (.const:AllSequences)
                  0000fcaa    00000013     LedPattern.obj (.const:Scatter)
                  0000fcbd    00000001     --HOLE-- [fill = 0]
                  0000fcbe    0000000e     LedPattern.obj (.const:UpDown)
                  0000fccc    00000006     LedPattern.obj (.const:AllSpeeds)
                  0000fcd2    00000006     LedPattern.obj (.const:doubleSpin)
                  0000fcd8    00000002     LedPattern.obj (.const:SideToSide)
                  0000fcda    00000001     LedPattern.obj (.const:allOff)
                  0000fcdb    00000001     --HOLE-- [fill = 0]
                  0000fcdc    00000001     LedPattern.obj (.const:allOn)

.cinit     0    0000fcde    0000005c     
                  0000fcde    00000049     LedPattern.obj (.cinit)
                  0000fd27    00000001     --HOLE-- [fill = 0]
                  0000fd28    00000010     buttons.obj (.cinit)
                  0000fd38    00000002     --HOLE-- [fill = 0]

.int09     0    0000fff2    00000002     
                  0000fff2    00000002     main.obj (.int09)

.reset     0    0000fffe    00000002     
                  0000fffe    00000002     rts430.lib : boot.obj (.reset)


GLOBAL SYMBOLS: SORTED ALPHABETICALLY BY Name 

address    name
--------   ----
00000200   .bss
0000f800   .text
0000004a   ADC10AE0
000001b0   ADC10CTL0
000001b2   ADC10CTL1
00000048   ADC10DTC0
00000049   ADC10DTC1
000001b4   ADC10MEM
000001bc   ADC10SA
0000fc92   AllSequences
0000fccc   AllSpeeds
00000057   BCSCTL1
00000058   BCSCTL2
00000053   BCSCTL3
0000fc2c   C$$EXIT
000010fb   CALBC1_12MHZ
000010f9   CALBC1_16MHZ
000010ff   CALBC1_1MHZ
000010fd   CALBC1_8MHZ
000010fa   CALDCO_12MHZ
000010f8   CALDCO_16MHZ
000010fe   CALDCO_1MHZ
000010fc   CALDCO_8MHZ
00000056   DCOCTL
00000128   FCTL1
0000012a   FCTL2
0000012c   FCTL3
00000000   IE1
00000002   IFG1
00000022   P1DIR
00000025   P1IE
00000024   P1IES
00000023   P1IFG
00000020   P1IN
00000021   P1OUT
00000027   P1REN
00000026   P1SEL
0000002a   P2DIR
0000002d   P2IE
0000002c   P2IES
0000002b   P2IFG
00000028   P2IN
00000029   P2OUT
0000002f   P2REN
0000002e   P2SEL
00000172   TACCR0
00000174   TACCR1
00000162   TACCTL0
00000164   TACCTL1
00000160   TACTL
0000012e   TAIV
00000170   TAR
0000f9c4   Timer_A
0000007a   USICCTL
0000007a   USICKCTL
0000007b   USICNT
00000078   USICTL
00000078   USICTL0
00000079   USICTL1
0000007c   USISR
0000007d   USISRH
0000007c   USISRL
00000120   WDTCTL
0000027e   __STACK_END
00000032   __STACK_SIZE
00000001   __TI_args_main
00000001   __TI_auto_init
00000001   __TI_exit
ffffffff   __binit__
00000200   __bss__
ffffffff   __c_args__
0000fcde   __cinit__
00000234   __end__
0000fc32   __etext__
ffffffff   __pinit__
0000f800   __text__
0000fa74   _auto_init
0000fb58   _c_int00
0000fb58   _c_int00_noexit
00000230   _cleanup_ptr
00000232   _dtors_ptr
0000022c   _lock
0000fc30   _nop
0000fffe   _reset_vector
0000024c   _stack
0000fc28   _system_pre_init
0000022e   _unlock
0000fc2c   abort
ffffffff   binit
0000fcde   cinit
0000fbb8   countUp
0000fa1e   displayLedSeq
00000234   end
0000fc32   etext
0000fc10   func_epilog_1
0000fc0e   func_epilog_2
0000fc0c   func_epilog_3
0000fc0a   func_epilog_4
0000fc08   func_epilog_5
0000fc06   func_epilog_6
0000fc04   func_epilog_7
0000fc14   getButtonOne
0000fc1e   getButtonTwo
0000faf0   incrimentSeq
0000fbf4   isAllLedOff
0000fb9c   main
0000fbe2   memcpy
0000fbce   nextSpeed
ffffffff   pinit
0000f8dc   processButton
0000fb7e   readButton
0000f800   sendByteSerial
0000faba   setupHardware
0000fb24   updateButtons
0000f958   updateLedSeq


GLOBAL SYMBOLS: SORTED BY Symbol Address 

address    name
--------   ----
00000000   IE1
00000001   __TI_args_main
00000001   __TI_auto_init
00000001   __TI_exit
00000002   IFG1
00000020   P1IN
00000021   P1OUT
00000022   P1DIR
00000023   P1IFG
00000024   P1IES
00000025   P1IE
00000026   P1SEL
00000027   P1REN
00000028   P2IN
00000029   P2OUT
0000002a   P2DIR
0000002b   P2IFG
0000002c   P2IES
0000002d   P2IE
0000002e   P2SEL
0000002f   P2REN
00000032   __STACK_SIZE
00000048   ADC10DTC0
00000049   ADC10DTC1
0000004a   ADC10AE0
00000053   BCSCTL3
00000056   DCOCTL
00000057   BCSCTL1
00000058   BCSCTL2
00000078   USICTL
00000078   USICTL0
00000079   USICTL1
0000007a   USICCTL
0000007a   USICKCTL
0000007b   USICNT
0000007c   USISR
0000007c   USISRL
0000007d   USISRH
00000120   WDTCTL
00000128   FCTL1
0000012a   FCTL2
0000012c   FCTL3
0000012e   TAIV
00000160   TACTL
00000162   TACCTL0
00000164   TACCTL1
00000170   TAR
00000172   TACCR0
00000174   TACCR1
000001b0   ADC10CTL0
000001b2   ADC10CTL1
000001b4   ADC10MEM
000001bc   ADC10SA
00000200   .bss
00000200   __bss__
0000022c   _lock
0000022e   _unlock
00000230   _cleanup_ptr
00000232   _dtors_ptr
00000234   __end__
00000234   end
0000024c   _stack
0000027e   __STACK_END
000010f8   CALDCO_16MHZ
000010f9   CALBC1_16MHZ
000010fa   CALDCO_12MHZ
000010fb   CALBC1_12MHZ
000010fc   CALDCO_8MHZ
000010fd   CALBC1_8MHZ
000010fe   CALDCO_1MHZ
000010ff   CALBC1_1MHZ
0000f800   .text
0000f800   __text__
0000f800   sendByteSerial
0000f8dc   processButton
0000f958   updateLedSeq
0000f9c4   Timer_A
0000fa1e   displayLedSeq
0000fa74   _auto_init
0000faba   setupHardware
0000faf0   incrimentSeq
0000fb24   updateButtons
0000fb58   _c_int00
0000fb58   _c_int00_noexit
0000fb7e   readButton
0000fb9c   main
0000fbb8   countUp
0000fbce   nextSpeed
0000fbe2   memcpy
0000fbf4   isAllLedOff
0000fc04   func_epilog_7
0000fc06   func_epilog_6
0000fc08   func_epilog_5
0000fc0a   func_epilog_4
0000fc0c   func_epilog_3
0000fc0e   func_epilog_2
0000fc10   func_epilog_1
0000fc14   getButtonOne
0000fc1e   getButtonTwo
0000fc28   _system_pre_init
0000fc2c   C$$EXIT
0000fc2c   abort
0000fc30   _nop
0000fc32   __etext__
0000fc32   etext
0000fc92   AllSequences
0000fccc   AllSpeeds
0000fcde   __cinit__
0000fcde   cinit
0000fffe   _reset_vector
ffffffff   __binit__
ffffffff   __c_args__
ffffffff   __pinit__
ffffffff   binit
ffffffff   pinit

[115 symbols]
